../Core/Src/main.c:82:6:send_string	24	static
../Core/Src/main.c:89:5:main	32	static
../Core/Src/main.c:175:6:SystemClock_Config	120	static
../Core/Src/main.c:226:13:MX_DCMI_Init	8	static
../Core/Src/main.c:263:13:MX_DMA2D_Init	8	static
../Core/Src/main.c:303:13:MX_I2C1_Init	8	static
../Core/Src/main.c:351:13:MX_UART4_Init	8	static
../Core/Src/main.c:398:13:MX_USART2_UART_Init	8	static
../Core/Src/main.c:444:13:MX_DMA_Init	16	static
../Core/Src/main.c:462:13:MX_GPIO_Init	56	static
../Core/Src/main.c:494:6:Error_Handler	4	static,ignoring_inline_asm
